// Jest Snapshot v1, https://goo.gl/fbAQLP

exports[`doubleEliminationTournamentCreateSchedule Should create a proper schedule for an even number of games in the first round 1`] = `
Array [
  Object {
    "edge": AttributeEdge {},
    "id": "8fe38295-4ca5-48ba-b561-aef1b0ae8668",
    "sourceNodeId": "48fb326d-8573-450f-afb2-cf3c3639f37a",
    "targetNodeId": "175c13f3-f4d6-4388-afe5-e9a19f38f39c",
  },
  Object {
    "edge": AttributeEdge {},
    "id": "0fb79b02-cd96-4b8f-bea8-f7256111bad4",
    "sourceNodeId": "48fb326d-8573-450f-afb2-cf3c3639f37a",
    "targetNodeId": "4743365d-298a-4273-9be9-89c5c46b0e1f",
  },
  Object {
    "edge": AttributeEdge {},
    "id": "3d8b170b-0560-47a2-afcf-4dcc79bb7260",
    "sourceNodeId": "48fb326d-8573-450f-afb2-cf3c3639f37a",
    "targetNodeId": "3ec8c8fa-95a8-4392-b56a-a1558459997e",
  },
  Object {
    "edge": AttributeEdge {},
    "id": "f070054f-0e40-4ff8-8c88-25df06379c2c",
    "sourceNodeId": "48fb326d-8573-450f-afb2-cf3c3639f37a",
    "targetNodeId": "b442503c-5026-4bed-b1f0-7033f475834a",
  },
  Object {
    "edge": GameModeEdge {},
    "id": "244d5bec-2331-482b-b9f5-7023319fa1b1",
    "sourceNodeId": "2adb83d3-868e-4809-9a6e-25e235d633e8",
    "targetNodeId": "ab9774a2-e769-41b9-a6ca-1a7ce2e83c95",
  },
  Object {
    "edge": GameModeEdge {},
    "id": "d1d4612d-c808-4588-9990-1767c90b5aca",
    "sourceNodeId": "7a6ebaba-1140-47fc-b5e0-0d6ef3960d26",
    "targetNodeId": "b42836fa-eb88-48b2-bd12-ff528a21b472",
  },
  Object {
    "edge": GameModeEdge {},
    "id": "05f78db2-ae8f-445e-8395-78817077d0f8",
    "sourceNodeId": "3b397d2a-cf97-4f2b-9491-1fa8d90e5442",
    "targetNodeId": "6d8f85fe-c6ae-4b77-857f-89d2689316c6",
  },
  Object {
    "edge": GameModeEdge {},
    "id": "334709af-ec66-4a11-8a60-50578865f05c",
    "sourceNodeId": "9ee01ecb-e0eb-4409-8d78-f5ff096b6ac1",
    "targetNodeId": "cd16f8d4-e4a0-4888-a01b-ba7841274d80",
  },
  Object {
    "edge": GameModeEdge {},
    "id": "ca0e3695-fdcc-4d5c-8695-20651a487045",
    "sourceNodeId": "7075e106-162a-4338-b2b9-1f9deb5908ca",
    "targetNodeId": "8d13b96f-9951-44e8-b90d-ac0746aa82b4",
  },
  Object {
    "edge": GameModeEdge {},
    "id": "1baed7f4-1d6d-4ed9-a3e0-8be9d24d2e80",
    "sourceNodeId": "aab51e4e-fb46-48be-b004-60b69d90f288",
    "targetNodeId": "eb1c4a05-ce0c-486c-b54d-0c96d667156b",
  },
  Object {
    "edge": GameModeEdge {},
    "id": "797e90e7-9d00-4f3f-b947-d7630fb6e786",
    "sourceNodeId": "c1998b0f-9786-419f-b4ab-8bc2a1b68dac",
    "targetNodeId": "d4071115-8843-4f3b-8cb7-43136f6ffbd0",
  },
  Object {
    "edge": GameModeEdge {},
    "id": "18b6b72e-2660-4d8d-945d-439a2778b485",
    "sourceNodeId": "c3fece7e-bd7e-4f24-b4a1-80679d2f30c0",
    "targetNodeId": "f1ecd59a-167b-4719-80d2-8c0da7c9b4df",
  },
  Object {
    "edge": GameSlotRivalEdge {},
    "id": "d5be296f-7ce7-49d8-b6bb-e43128402268",
    "sourceNodeId": "2adb83d3-868e-4809-9a6e-25e235d633e8",
    "targetNodeId": "3b397d2a-cf97-4f2b-9491-1fa8d90e5442",
  },
  Object {
    "edge": GameSlotRivalEdge {},
    "id": "704e296e-e825-4ee7-a391-9c8aa2fb53e5",
    "sourceNodeId": "7a6ebaba-1140-47fc-b5e0-0d6ef3960d26",
    "targetNodeId": "9ee01ecb-e0eb-4409-8d78-f5ff096b6ac1",
  },
  Object {
    "edge": GameSlotRivalEdge {},
    "id": "b7b2181e-7bac-468c-9418-324e40bb9fac",
    "sourceNodeId": "7075e106-162a-4338-b2b9-1f9deb5908ca",
    "targetNodeId": "c1998b0f-9786-419f-b4ab-8bc2a1b68dac",
  },
  Object {
    "edge": GameSlotRivalEdge {},
    "id": "6c579593-82f1-440e-9728-8f308a807b1c",
    "sourceNodeId": "aab51e4e-fb46-48be-b004-60b69d90f288",
    "targetNodeId": "c3fece7e-bd7e-4f24-b4a1-80679d2f30c0",
  },
  Object {
    "edge": GameModeEdge {},
    "id": "918e8f52-f808-44ef-b92d-aa921bab44ab",
    "sourceNodeId": "0441ba9e-2770-42df-b618-42efe412472f",
    "targetNodeId": "23eb7003-8adb-487b-a4a6-344806da6d58",
  },
  Object {
    "edge": GameTypeEdgeImpl {},
    "id": "8489e6a5-18bb-473b-9e34-c0e280dd5e30",
    "sourceNodeId": "2adb83d3-868e-4809-9a6e-25e235d633e8",
    "targetNodeId": "0441ba9e-2770-42df-b618-42efe412472f",
  },
  Object {
    "edge": GameModeEdge {},
    "id": "5c641a44-6403-49e6-a803-8111b83deb6f",
    "sourceNodeId": "b3ba9fc5-c96d-401f-a8f2-4e729ae1b339",
    "targetNodeId": "ec86392a-f14b-43cd-a1c3-e3d08dcad690",
  },
  Object {
    "edge": GameTypeEdgeImpl {},
    "id": "47309dac-d035-4cfc-a288-bf43a3bef1de",
    "sourceNodeId": "7a6ebaba-1140-47fc-b5e0-0d6ef3960d26",
    "targetNodeId": "b3ba9fc5-c96d-401f-a8f2-4e729ae1b339",
  },
  Object {
    "edge": GameModeEdge {},
    "id": "8a011b3d-d327-4ee9-a7f6-991eb65b106d",
    "sourceNodeId": "f3dde2ed-905e-449b-ac0e-0bb9c7064714",
    "targetNodeId": "476b76ef-9270-4ef1-aebf-5c2de4e36ef0",
  },
  Object {
    "edge": GameTypeEdgeImpl {},
    "id": "56fc44b2-5c66-4280-b906-377d69e90d2d",
    "sourceNodeId": "3b397d2a-cf97-4f2b-9491-1fa8d90e5442",
    "targetNodeId": "f3dde2ed-905e-449b-ac0e-0bb9c7064714",
  },
  Object {
    "edge": GameModeEdge {},
    "id": "a8c96653-dcc2-4b78-908f-da0ff666cef1",
    "sourceNodeId": "a4d063ed-eba6-4104-8ba0-99884d3df88f",
    "targetNodeId": "63e654da-96f2-4d17-b61f-ee60890c1824",
  },
  Object {
    "edge": GameTypeEdgeImpl {},
    "id": "df64fce7-c79e-451f-abd1-b8e22c8cc46d",
    "sourceNodeId": "9ee01ecb-e0eb-4409-8d78-f5ff096b6ac1",
    "targetNodeId": "a4d063ed-eba6-4104-8ba0-99884d3df88f",
  },
  Object {
    "edge": GameModeEdge {},
    "id": "6859c134-24c3-49c2-86a9-6ab6816644d2",
    "sourceNodeId": "5908b25b-cd4f-44c5-a301-1e8b983a20bf",
    "targetNodeId": "a079f846-590d-4b1e-ac4f-5857aef5471a",
  },
  Object {
    "edge": GameTypeEdgeImpl {},
    "id": "e4977585-20de-41bf-a6e0-694e728411cd",
    "sourceNodeId": "7075e106-162a-4338-b2b9-1f9deb5908ca",
    "targetNodeId": "5908b25b-cd4f-44c5-a301-1e8b983a20bf",
  },
  Object {
    "edge": GameModeEdge {},
    "id": "8e6a2927-06d2-4d6f-adb4-a9b4444342e1",
    "sourceNodeId": "746fd5aa-d4d7-4e01-a149-47ad32c3de6f",
    "targetNodeId": "4ca9b34b-0c43-4eaa-9bf8-a477182d0639",
  },
  Object {
    "edge": GameTypeEdgeImpl {},
    "id": "be387edb-3fef-4a51-b191-704467dd9456",
    "sourceNodeId": "aab51e4e-fb46-48be-b004-60b69d90f288",
    "targetNodeId": "746fd5aa-d4d7-4e01-a149-47ad32c3de6f",
  },
  Object {
    "edge": GameModeEdge {},
    "id": "094bfd78-d1b1-42a4-94e4-d00f12e4849e",
    "sourceNodeId": "51b095fa-10d9-46ab-9c90-7ce79bf170d0",
    "targetNodeId": "c01a5246-8dae-4a72-b9fe-5e1e37b2e6bf",
  },
  Object {
    "edge": GameTypeEdgeImpl {},
    "id": "44bb9feb-2415-48e7-a53d-f3a00b48abb2",
    "sourceNodeId": "c1998b0f-9786-419f-b4ab-8bc2a1b68dac",
    "targetNodeId": "51b095fa-10d9-46ab-9c90-7ce79bf170d0",
  },
  Object {
    "edge": GameModeEdge {},
    "id": "49b12ce2-bf46-4fc8-b56b-2391e1ce4abd",
    "sourceNodeId": "3adb7646-70d7-4997-9f09-9b8c984b5dd8",
    "targetNodeId": "e3cc7059-e5ea-4502-93a8-214aa664e1a1",
  },
  Object {
    "edge": GameTypeEdgeImpl {},
    "id": "b4a9aa8e-1841-4b13-8672-9ba2668a3949",
    "sourceNodeId": "c3fece7e-bd7e-4f24-b4a1-80679d2f30c0",
    "targetNodeId": "3adb7646-70d7-4997-9f09-9b8c984b5dd8",
  },
  Object {
    "edge": GameSlotRivalEdge {},
    "id": "28a0bd9b-093f-4359-8af6-70c14ea9f4fb",
    "sourceNodeId": "f3dde2ed-905e-449b-ac0e-0bb9c7064714",
    "targetNodeId": "51b095fa-10d9-46ab-9c90-7ce79bf170d0",
  },
  Object {
    "edge": GameSlotRivalEdge {},
    "id": "1574a298-99d4-47c3-8d16-9527359e1773",
    "sourceNodeId": "a4d063ed-eba6-4104-8ba0-99884d3df88f",
    "targetNodeId": "3adb7646-70d7-4997-9f09-9b8c984b5dd8",
  },
  Object {
    "edge": GameSlotRivalEdge {},
    "id": "dea423cc-409a-43f6-9a48-7aa23d481f80",
    "sourceNodeId": "0441ba9e-2770-42df-b618-42efe412472f",
    "targetNodeId": "5908b25b-cd4f-44c5-a301-1e8b983a20bf",
  },
  Object {
    "edge": GameSlotRivalEdge {},
    "id": "8905abfc-e51d-44c2-a494-c5807fff5c51",
    "sourceNodeId": "b3ba9fc5-c96d-401f-a8f2-4e729ae1b339",
    "targetNodeId": "746fd5aa-d4d7-4e01-a149-47ad32c3de6f",
  },
  Object {
    "edge": GameModeEdge {},
    "id": "004457f7-ef0a-4f9e-8654-34d5a520a7ec",
    "sourceNodeId": "df5b1c36-c806-425f-9c5b-9c1810e52c7a",
    "targetNodeId": "92d41406-5963-4cfb-81dc-21c43e879dab",
  },
  Object {
    "edge": GameTypeEdgeImpl {},
    "id": "adb2735d-407c-4798-ac6a-116405833147",
    "sourceNodeId": "f3dde2ed-905e-449b-ac0e-0bb9c7064714",
    "targetNodeId": "df5b1c36-c806-425f-9c5b-9c1810e52c7a",
  },
  Object {
    "edge": GameModeEdge {},
    "id": "c6f444db-8564-4045-9c38-0d48e69557a0",
    "sourceNodeId": "9418bd42-1871-4cff-8c77-a1eb48952c57",
    "targetNodeId": "131569d5-8c3f-45ad-af71-341c157cc395",
  },
  Object {
    "edge": GameTypeEdgeImpl {},
    "id": "254dbe84-0a6d-4da2-8de7-5b5a3f782031",
    "sourceNodeId": "a4d063ed-eba6-4104-8ba0-99884d3df88f",
    "targetNodeId": "9418bd42-1871-4cff-8c77-a1eb48952c57",
  },
  Object {
    "edge": GameModeEdge {},
    "id": "d34ef1e8-b316-43e2-9a01-0da4a9e04718",
    "sourceNodeId": "42086c3b-5664-4aca-9a96-0832c5da429d",
    "targetNodeId": "599f2429-b5b8-4cd6-9c44-a4db78ff9e29",
  },
  Object {
    "edge": GameTypeEdgeImpl {},
    "id": "9d981264-8dfe-4342-991a-0ee29c5dcfdd",
    "sourceNodeId": "5908b25b-cd4f-44c5-a301-1e8b983a20bf",
    "targetNodeId": "42086c3b-5664-4aca-9a96-0832c5da429d",
  },
  Object {
    "edge": GameModeEdge {},
    "id": "a537f09f-539c-4640-bac3-6a8ea9540241",
    "sourceNodeId": "57e6909e-a00f-4af5-bfde-abd30fcee27e",
    "targetNodeId": "0f92dfb8-f755-43f1-b36f-da5bdbde1b64",
  },
  Object {
    "edge": GameTypeEdgeImpl {},
    "id": "8d601ad8-51a6-4be3-827d-0dc6e2301917",
    "sourceNodeId": "746fd5aa-d4d7-4e01-a149-47ad32c3de6f",
    "targetNodeId": "57e6909e-a00f-4af5-bfde-abd30fcee27e",
  },
  Object {
    "edge": GameModeEdge {},
    "id": "681cb7eb-2225-4e45-9b32-73906893c88c",
    "sourceNodeId": "c305ab70-1be0-4ba7-aa20-a65da85e980c",
    "targetNodeId": "4e27a964-183f-44a3-99b9-840cdc4bc73d",
  },
  Object {
    "edge": GameTypeEdgeImpl {},
    "id": "6f53b819-8126-433e-b3e4-76693f46ceb1",
    "sourceNodeId": "51b095fa-10d9-46ab-9c90-7ce79bf170d0",
    "targetNodeId": "c305ab70-1be0-4ba7-aa20-a65da85e980c",
  },
  Object {
    "edge": GameModeEdge {},
    "id": "08041905-aa25-4f96-a04e-76ffc81d1605",
    "sourceNodeId": "6c731b32-b00c-4fc7-bf76-d2ebee0d7853",
    "targetNodeId": "60178447-6f89-47c5-a6d9-f2709cf8a930",
  },
  Object {
    "edge": GameTypeEdgeImpl {},
    "id": "171922fa-9a15-45ee-9b5f-b4cb57b409b8",
    "sourceNodeId": "3adb7646-70d7-4997-9f09-9b8c984b5dd8",
    "targetNodeId": "6c731b32-b00c-4fc7-bf76-d2ebee0d7853",
  },
  Object {
    "edge": GameSlotRivalEdge {},
    "id": "a7fa0304-6a1e-480f-be37-471d02f285c5",
    "sourceNodeId": "c305ab70-1be0-4ba7-aa20-a65da85e980c",
    "targetNodeId": "6c731b32-b00c-4fc7-bf76-d2ebee0d7853",
  },
  Object {
    "edge": GameSlotRivalEdge {},
    "id": "164992f8-56ec-402e-ac1d-ee0aef5404cf",
    "sourceNodeId": "df5b1c36-c806-425f-9c5b-9c1810e52c7a",
    "targetNodeId": "42086c3b-5664-4aca-9a96-0832c5da429d",
  },
  Object {
    "edge": GameSlotRivalEdge {},
    "id": "5b6f3c42-2a5b-427e-9af9-a354585c5541",
    "sourceNodeId": "9418bd42-1871-4cff-8c77-a1eb48952c57",
    "targetNodeId": "57e6909e-a00f-4af5-bfde-abd30fcee27e",
  },
  Object {
    "edge": GameModeEdge {},
    "id": "fbb1d848-4f91-428a-bda4-c16f11d2fd64",
    "sourceNodeId": "141a0ed2-2394-433e-ab9b-95424e5b2c84",
    "targetNodeId": "0f3bc847-68a8-438c-99ff-45809181d7cc",
  },
  Object {
    "edge": GameTypeEdgeImpl {},
    "id": "2a8da7e8-2020-47dd-94b9-0ddc3a11f440",
    "sourceNodeId": "42086c3b-5664-4aca-9a96-0832c5da429d",
    "targetNodeId": "141a0ed2-2394-433e-ab9b-95424e5b2c84",
  },
  Object {
    "edge": GameModeEdge {},
    "id": "b840d1c0-75e9-46c7-aba1-79ab811eff13",
    "sourceNodeId": "7f73c758-741e-4fc1-8e8b-c9d564a8f72f",
    "targetNodeId": "f09eccc6-5728-4190-afbc-70f7bdbaa1fd",
  },
  Object {
    "edge": GameTypeEdgeImpl {},
    "id": "0b3d0ef5-5e64-4755-8d01-9a395a350d5b",
    "sourceNodeId": "57e6909e-a00f-4af5-bfde-abd30fcee27e",
    "targetNodeId": "7f73c758-741e-4fc1-8e8b-c9d564a8f72f",
  },
  Object {
    "edge": GameModeEdge {},
    "id": "5892d196-7fa2-469f-996c-52ba15e64fb0",
    "sourceNodeId": "621fc152-1f8d-4d8a-98ef-6132378eaa27",
    "targetNodeId": "0476d85a-d0c0-42d0-94b7-2420233dfc10",
  },
  Object {
    "edge": GameTypeEdgeImpl {},
    "id": "97143ed4-9386-4c1f-ad6d-c5e21e19d37a",
    "sourceNodeId": "c305ab70-1be0-4ba7-aa20-a65da85e980c",
    "targetNodeId": "621fc152-1f8d-4d8a-98ef-6132378eaa27",
  },
  Object {
    "edge": GameModeEdge {},
    "id": "bfd2620c-2502-4f40-b69c-9b58afdb879e",
    "sourceNodeId": "84b8e796-a2a1-44bc-be4e-15acdf0992b1",
    "targetNodeId": "2fd179b7-ba2e-4fe5-a50c-3e17d41762bb",
  },
  Object {
    "edge": GameTypeEdgeImpl {},
    "id": "4f4b1d79-5ebe-4ab5-a09a-50714e500186",
    "sourceNodeId": "6c731b32-b00c-4fc7-bf76-d2ebee0d7853",
    "targetNodeId": "84b8e796-a2a1-44bc-be4e-15acdf0992b1",
  },
  Object {
    "edge": GameSlotRivalEdge {},
    "id": "1eae89a5-5c38-40d2-8b5e-09f22df47705",
    "sourceNodeId": "141a0ed2-2394-433e-ab9b-95424e5b2c84",
    "targetNodeId": "621fc152-1f8d-4d8a-98ef-6132378eaa27",
  },
  Object {
    "edge": GameModeEdge {},
    "id": "ab2d8085-0677-444f-9c28-b387c930f65b",
    "sourceNodeId": "ad6250c8-9a8b-44b8-af28-0c4feab7e0b7",
    "targetNodeId": "a8c9191e-d167-4f38-a6fb-c177b568cd21",
  },
  Object {
    "edge": GameTypeEdgeImpl {},
    "id": "c2bafbef-84cd-49d8-a2c6-65650744c1a0",
    "sourceNodeId": "621fc152-1f8d-4d8a-98ef-6132378eaa27",
    "targetNodeId": "ad6250c8-9a8b-44b8-af28-0c4feab7e0b7",
  },
  Object {
    "edge": GameSlotRivalEdge {},
    "id": "b1c83b97-8a0a-49e6-be08-6ea414dfea66",
    "sourceNodeId": "7f73c758-741e-4fc1-8e8b-c9d564a8f72f",
    "targetNodeId": "ad6250c8-9a8b-44b8-af28-0c4feab7e0b7",
  },
  Object {
    "edge": GameModeEdge {},
    "id": "b0d40495-a83b-480f-878f-117384641b4c",
    "sourceNodeId": "fecbe26c-b767-4183-90f9-da6ee89abdfa",
    "targetNodeId": "44756936-af1a-4668-9cfb-29538f61b10d",
  },
  Object {
    "edge": GameTypeEdgeImpl {},
    "id": "43182168-c286-44f4-a26c-9cbcc495f8f5",
    "sourceNodeId": "ad6250c8-9a8b-44b8-af28-0c4feab7e0b7",
    "targetNodeId": "fecbe26c-b767-4183-90f9-da6ee89abdfa",
  },
  Object {
    "edge": GameSlotRivalEdge {},
    "id": "6d25a544-5bd8-433c-828a-20e99be5b748",
    "sourceNodeId": "84b8e796-a2a1-44bc-be4e-15acdf0992b1",
    "targetNodeId": "fecbe26c-b767-4183-90f9-da6ee89abdfa",
  },
  Object {
    "edge": GameSlotRivalEdge {},
    "id": "757958e2-abb8-4c17-bca9-ab1ed0d9405a",
    "sourceNodeId": "84b8e796-a2a1-44bc-be4e-15acdf0992b1",
    "targetNodeId": "fecbe26c-b767-4183-90f9-da6ee89abdfa",
  },
]
`;

exports[`doubleEliminationTournamentCreateSchedule Should create a proper schedule for an even number of games in the first round 2`] = `
Array [
  TournamentNode {
    "__id": "48fb326d-8573-450f-afb2-cf3c3639f37a",
    "__type": 1,
    "__value": null,
  },
  TournamentMaxPlayersAttributeNode {
    "__id": "175c13f3-f4d6-4388-afe5-e9a19f38f39c",
    "__type": 0,
    "__value": 8,
  },
  TournamentMinPlayersAttributeNode {
    "__id": "4743365d-298a-4273-9be9-89c5c46b0e1f",
    "__type": 0,
    "__value": 4,
  },
  TournamentNameAttributeNode {
    "__id": "3ec8c8fa-95a8-4392-b56a-a1558459997e",
    "__type": 0,
    "__value": "Tournament",
  },
  TournamentTypeAttributeNode {
    "__id": "b442503c-5026-4bed-b1f0-7033f475834a",
    "__type": 0,
    "__value": 1,
  },
  GameSlotNode {
    "__id": "2adb83d3-868e-4809-9a6e-25e235d633e8",
    "__type": 2,
    "__value": 0,
  },
  GameModeAttributeNode {
    "__id": "ab9774a2-e769-41b9-a6ca-1a7ce2e83c95",
    "__type": 0,
    "__value": 0,
  },
  GameSlotNode {
    "__id": "7a6ebaba-1140-47fc-b5e0-0d6ef3960d26",
    "__type": 2,
    "__value": 1,
  },
  GameModeAttributeNode {
    "__id": "b42836fa-eb88-48b2-bd12-ff528a21b472",
    "__type": 0,
    "__value": 0,
  },
  GameSlotNode {
    "__id": "3b397d2a-cf97-4f2b-9491-1fa8d90e5442",
    "__type": 2,
    "__value": 2,
  },
  GameModeAttributeNode {
    "__id": "6d8f85fe-c6ae-4b77-857f-89d2689316c6",
    "__type": 0,
    "__value": 0,
  },
  GameSlotNode {
    "__id": "9ee01ecb-e0eb-4409-8d78-f5ff096b6ac1",
    "__type": 2,
    "__value": 3,
  },
  GameModeAttributeNode {
    "__id": "cd16f8d4-e4a0-4888-a01b-ba7841274d80",
    "__type": 0,
    "__value": 0,
  },
  GameSlotNode {
    "__id": "7075e106-162a-4338-b2b9-1f9deb5908ca",
    "__type": 2,
    "__value": 4,
  },
  GameModeAttributeNode {
    "__id": "8d13b96f-9951-44e8-b90d-ac0746aa82b4",
    "__type": 0,
    "__value": 0,
  },
  GameSlotNode {
    "__id": "aab51e4e-fb46-48be-b004-60b69d90f288",
    "__type": 2,
    "__value": 5,
  },
  GameModeAttributeNode {
    "__id": "eb1c4a05-ce0c-486c-b54d-0c96d667156b",
    "__type": 0,
    "__value": 0,
  },
  GameSlotNode {
    "__id": "c1998b0f-9786-419f-b4ab-8bc2a1b68dac",
    "__type": 2,
    "__value": 6,
  },
  GameModeAttributeNode {
    "__id": "d4071115-8843-4f3b-8cb7-43136f6ffbd0",
    "__type": 0,
    "__value": 0,
  },
  GameSlotNode {
    "__id": "c3fece7e-bd7e-4f24-b4a1-80679d2f30c0",
    "__type": 2,
    "__value": 7,
  },
  GameModeAttributeNode {
    "__id": "f1ecd59a-167b-4719-80d2-8c0da7c9b4df",
    "__type": 0,
    "__value": 0,
  },
  GameSlotNode {
    "__id": "0441ba9e-2770-42df-b618-42efe412472f",
    "__type": 2,
    "__value": 8,
  },
  GameModeAttributeNode {
    "__id": "23eb7003-8adb-487b-a4a6-344806da6d58",
    "__type": 0,
    "__value": 1,
  },
  GameSlotNode {
    "__id": "b3ba9fc5-c96d-401f-a8f2-4e729ae1b339",
    "__type": 2,
    "__value": 9,
  },
  GameModeAttributeNode {
    "__id": "ec86392a-f14b-43cd-a1c3-e3d08dcad690",
    "__type": 0,
    "__value": 1,
  },
  GameSlotNode {
    "__id": "f3dde2ed-905e-449b-ac0e-0bb9c7064714",
    "__type": 2,
    "__value": 10,
  },
  GameModeAttributeNode {
    "__id": "476b76ef-9270-4ef1-aebf-5c2de4e36ef0",
    "__type": 0,
    "__value": 0,
  },
  GameSlotNode {
    "__id": "a4d063ed-eba6-4104-8ba0-99884d3df88f",
    "__type": 2,
    "__value": 11,
  },
  GameModeAttributeNode {
    "__id": "63e654da-96f2-4d17-b61f-ee60890c1824",
    "__type": 0,
    "__value": 0,
  },
  GameSlotNode {
    "__id": "5908b25b-cd4f-44c5-a301-1e8b983a20bf",
    "__type": 2,
    "__value": 12,
  },
  GameModeAttributeNode {
    "__id": "a079f846-590d-4b1e-ac4f-5857aef5471a",
    "__type": 0,
    "__value": 1,
  },
  GameSlotNode {
    "__id": "746fd5aa-d4d7-4e01-a149-47ad32c3de6f",
    "__type": 2,
    "__value": 13,
  },
  GameModeAttributeNode {
    "__id": "4ca9b34b-0c43-4eaa-9bf8-a477182d0639",
    "__type": 0,
    "__value": 1,
  },
  GameSlotNode {
    "__id": "51b095fa-10d9-46ab-9c90-7ce79bf170d0",
    "__type": 2,
    "__value": 14,
  },
  GameModeAttributeNode {
    "__id": "c01a5246-8dae-4a72-b9fe-5e1e37b2e6bf",
    "__type": 0,
    "__value": 0,
  },
  GameSlotNode {
    "__id": "3adb7646-70d7-4997-9f09-9b8c984b5dd8",
    "__type": 2,
    "__value": 15,
  },
  GameModeAttributeNode {
    "__id": "e3cc7059-e5ea-4502-93a8-214aa664e1a1",
    "__type": 0,
    "__value": 0,
  },
  GameSlotNode {
    "__id": "df5b1c36-c806-425f-9c5b-9c1810e52c7a",
    "__type": 2,
    "__value": 16,
  },
  GameModeAttributeNode {
    "__id": "92d41406-5963-4cfb-81dc-21c43e879dab",
    "__type": 0,
    "__value": 1,
  },
  GameSlotNode {
    "__id": "9418bd42-1871-4cff-8c77-a1eb48952c57",
    "__type": 2,
    "__value": 17,
  },
  GameModeAttributeNode {
    "__id": "131569d5-8c3f-45ad-af71-341c157cc395",
    "__type": 0,
    "__value": 1,
  },
  GameSlotNode {
    "__id": "42086c3b-5664-4aca-9a96-0832c5da429d",
    "__type": 2,
    "__value": 18,
  },
  GameModeAttributeNode {
    "__id": "599f2429-b5b8-4cd6-9c44-a4db78ff9e29",
    "__type": 0,
    "__value": 1,
  },
  GameSlotNode {
    "__id": "57e6909e-a00f-4af5-bfde-abd30fcee27e",
    "__type": 2,
    "__value": 19,
  },
  GameModeAttributeNode {
    "__id": "0f92dfb8-f755-43f1-b36f-da5bdbde1b64",
    "__type": 0,
    "__value": 1,
  },
  GameSlotNode {
    "__id": "c305ab70-1be0-4ba7-aa20-a65da85e980c",
    "__type": 2,
    "__value": 20,
  },
  GameModeAttributeNode {
    "__id": "4e27a964-183f-44a3-99b9-840cdc4bc73d",
    "__type": 0,
    "__value": 0,
  },
  GameSlotNode {
    "__id": "6c731b32-b00c-4fc7-bf76-d2ebee0d7853",
    "__type": 2,
    "__value": 21,
  },
  GameModeAttributeNode {
    "__id": "60178447-6f89-47c5-a6d9-f2709cf8a930",
    "__type": 0,
    "__value": 0,
  },
  GameSlotNode {
    "__id": "141a0ed2-2394-433e-ab9b-95424e5b2c84",
    "__type": 2,
    "__value": 22,
  },
  GameModeAttributeNode {
    "__id": "0f3bc847-68a8-438c-99ff-45809181d7cc",
    "__type": 0,
    "__value": 1,
  },
  GameSlotNode {
    "__id": "7f73c758-741e-4fc1-8e8b-c9d564a8f72f",
    "__type": 2,
    "__value": 23,
  },
  GameModeAttributeNode {
    "__id": "f09eccc6-5728-4190-afbc-70f7bdbaa1fd",
    "__type": 0,
    "__value": 1,
  },
  GameSlotNode {
    "__id": "621fc152-1f8d-4d8a-98ef-6132378eaa27",
    "__type": 2,
    "__value": 24,
  },
  GameModeAttributeNode {
    "__id": "0476d85a-d0c0-42d0-94b7-2420233dfc10",
    "__type": 0,
    "__value": 1,
  },
  GameSlotNode {
    "__id": "84b8e796-a2a1-44bc-be4e-15acdf0992b1",
    "__type": 2,
    "__value": 25,
  },
  GameModeAttributeNode {
    "__id": "2fd179b7-ba2e-4fe5-a50c-3e17d41762bb",
    "__type": 0,
    "__value": 0,
  },
  GameSlotNode {
    "__id": "ad6250c8-9a8b-44b8-af28-0c4feab7e0b7",
    "__type": 2,
    "__value": 26,
  },
  GameModeAttributeNode {
    "__id": "a8c9191e-d167-4f38-a6fb-c177b568cd21",
    "__type": 0,
    "__value": 1,
  },
  GameSlotNode {
    "__id": "fecbe26c-b767-4183-90f9-da6ee89abdfa",
    "__type": 2,
    "__value": 27,
  },
  GameModeAttributeNode {
    "__id": "44756936-af1a-4668-9cfb-29538f61b10d",
    "__type": 0,
    "__value": 1,
  },
]
`;

exports[`doubleEliminationTournamentCreateSchedule Should create a proper schedule for an odd number of games in the first round 1`] = `
Array [
  Object {
    "edge": AttributeEdge {},
    "id": "f680c66c-f4f9-42c3-a916-63d8471b5b4e",
    "sourceNodeId": "42cb583e-b4f6-471f-bd4f-2fcb8d55fad3",
    "targetNodeId": "ba1a6eca-8d40-4e0d-9b14-f06954deb97f",
  },
  Object {
    "edge": AttributeEdge {},
    "id": "f2df4122-eb2b-4188-91a3-dc2807235193",
    "sourceNodeId": "42cb583e-b4f6-471f-bd4f-2fcb8d55fad3",
    "targetNodeId": "476c81fc-e9c0-4832-8c07-e82f7503c9f2",
  },
  Object {
    "edge": AttributeEdge {},
    "id": "7b91c429-71b5-483b-9ef7-84de8d7f5c94",
    "sourceNodeId": "42cb583e-b4f6-471f-bd4f-2fcb8d55fad3",
    "targetNodeId": "034cc1bb-7906-490a-b6f0-e4631615b64e",
  },
  Object {
    "edge": AttributeEdge {},
    "id": "43c7b0bf-f079-4376-9510-7f0bfaaec97a",
    "sourceNodeId": "42cb583e-b4f6-471f-bd4f-2fcb8d55fad3",
    "targetNodeId": "a43ab389-5efe-4725-99bb-66f40576777e",
  },
  Object {
    "edge": GameModeEdge {},
    "id": "0a1dcd94-5ad8-456b-b808-98cf4dbbad23",
    "sourceNodeId": "1d2f2a61-e0aa-408e-9155-394e615b0765",
    "targetNodeId": "9210bb4e-305c-47d4-aa24-44404b3d9f28",
  },
  Object {
    "edge": GameModeEdge {},
    "id": "d542f2ee-269b-4d82-a7f9-b3ba75b02fdf",
    "sourceNodeId": "1ffd424f-4c55-4288-adb0-6fbda462a901",
    "targetNodeId": "32c29ac5-e5ea-41b1-84e4-6dadc38c971d",
  },
  Object {
    "edge": GameModeEdge {},
    "id": "b56eabff-b774-4e3a-9f6e-01206b2a826d",
    "sourceNodeId": "81ccdf09-3961-4988-bc0b-ce6429e513e2",
    "targetNodeId": "a80438fa-7801-429f-bb73-6d30a39f62c3",
  },
  Object {
    "edge": GameModeEdge {},
    "id": "3d7106cc-da97-4e19-92d1-2b0a0d4783b6",
    "sourceNodeId": "2152ef30-4869-403d-b76c-edcc59b75a99",
    "targetNodeId": "d92c4075-e157-48e3-a2f8-b016f00c37cd",
  },
  Object {
    "edge": GameModeEdge {},
    "id": "f2009f25-2821-44ee-aa80-2f5ceb5604c7",
    "sourceNodeId": "3b9281fc-7af1-495d-80d0-497650b275f2",
    "targetNodeId": "bd2b6277-02b3-4c40-84e7-85db4a9f0079",
  },
  Object {
    "edge": GameModeEdge {},
    "id": "2666f54a-e42d-421e-81b2-a67ebeabb92a",
    "sourceNodeId": "cf474859-8e94-4b22-92dc-da9ee865810e",
    "targetNodeId": "1ffba46b-ba02-4cfa-a676-44b30108f70d",
  },
  Object {
    "edge": GameSlotRivalEdge {},
    "id": "78a282ed-2933-422d-8bd6-338fc9d46afc",
    "sourceNodeId": "1d2f2a61-e0aa-408e-9155-394e615b0765",
    "targetNodeId": "81ccdf09-3961-4988-bc0b-ce6429e513e2",
  },
  Object {
    "edge": GameSlotRivalEdge {},
    "id": "be201e9d-8aae-4c3e-a6ed-7bea1cb6868c",
    "sourceNodeId": "1ffd424f-4c55-4288-adb0-6fbda462a901",
    "targetNodeId": "2152ef30-4869-403d-b76c-edcc59b75a99",
  },
  Object {
    "edge": GameModeEdge {},
    "id": "4708405b-d73d-4646-8b4d-52e46ba130f4",
    "sourceNodeId": "83f2f150-2605-4085-8a52-a677692b9fd1",
    "targetNodeId": "ccadd4c2-a7a9-4235-b788-db211843dd8a",
  },
  Object {
    "edge": GameTypeEdgeImpl {},
    "id": "92910b1e-e609-49a2-a769-da8b6049a8ba",
    "sourceNodeId": "1d2f2a61-e0aa-408e-9155-394e615b0765",
    "targetNodeId": "83f2f150-2605-4085-8a52-a677692b9fd1",
  },
  Object {
    "edge": GameModeEdge {},
    "id": "3b6c2fc3-531f-4595-b5a3-08fa58b76c99",
    "sourceNodeId": "86a7ba2b-89af-43be-a3fd-1f0d77b7ca7e",
    "targetNodeId": "29f31041-fe59-4a71-97fd-1ae5551d10eb",
  },
  Object {
    "edge": GameTypeEdgeImpl {},
    "id": "e42a425a-466a-4427-9a7f-0a6577a26d6f",
    "sourceNodeId": "1ffd424f-4c55-4288-adb0-6fbda462a901",
    "targetNodeId": "86a7ba2b-89af-43be-a3fd-1f0d77b7ca7e",
  },
  Object {
    "edge": GameModeEdge {},
    "id": "b5099274-4efa-41f7-a4b3-bf0a7004ad0e",
    "sourceNodeId": "119b9a14-5a91-4920-8613-6b6808524d7f",
    "targetNodeId": "13393aad-512e-4857-b0f2-7969b70f0d23",
  },
  Object {
    "edge": GameTypeEdgeImpl {},
    "id": "9f0e1ce9-4797-4da0-bb4f-b550d8d3bee9",
    "sourceNodeId": "81ccdf09-3961-4988-bc0b-ce6429e513e2",
    "targetNodeId": "119b9a14-5a91-4920-8613-6b6808524d7f",
  },
  Object {
    "edge": GameModeEdge {},
    "id": "c7f11338-3a89-48c3-86c8-74b8907b21a3",
    "sourceNodeId": "6f0afeb3-7dfc-4292-a415-34dffed395f0",
    "targetNodeId": "b894f2f3-7cf8-4c5b-bc5e-aad0027b3d62",
  },
  Object {
    "edge": GameTypeEdgeImpl {},
    "id": "0a29c70b-90da-47da-95a6-46394d06bf52",
    "sourceNodeId": "2152ef30-4869-403d-b76c-edcc59b75a99",
    "targetNodeId": "6f0afeb3-7dfc-4292-a415-34dffed395f0",
  },
  Object {
    "edge": GameSlotRivalEdge {},
    "id": "c78238ae-4e46-49c8-b9f2-300cf6c69a8c",
    "sourceNodeId": "3b9281fc-7af1-495d-80d0-497650b275f2",
    "targetNodeId": "119b9a14-5a91-4920-8613-6b6808524d7f",
  },
  Object {
    "edge": GameSlotRivalEdge {},
    "id": "20c51f0a-99d1-4266-9ae7-05b58dfe647f",
    "sourceNodeId": "cf474859-8e94-4b22-92dc-da9ee865810e",
    "targetNodeId": "6f0afeb3-7dfc-4292-a415-34dffed395f0",
  },
  Object {
    "edge": GameSlotRivalEdge {},
    "id": "1970af37-9503-4271-98f3-4b13068798cb",
    "sourceNodeId": "83f2f150-2605-4085-8a52-a677692b9fd1",
    "targetNodeId": "86a7ba2b-89af-43be-a3fd-1f0d77b7ca7e",
  },
  Object {
    "edge": GameModeEdge {},
    "id": "ce2731ca-638f-4e38-bd7a-5ef8bf57bfe4",
    "sourceNodeId": "d1377434-30c1-4f9d-87f2-bd4e6c413e2e",
    "targetNodeId": "0ecf0aaf-5ecf-4981-ab3c-d357280f8ae4",
  },
  Object {
    "edge": GameTypeEdgeImpl {},
    "id": "bac93a4a-27fb-445a-8fac-2d4e8235f989",
    "sourceNodeId": "86a7ba2b-89af-43be-a3fd-1f0d77b7ca7e",
    "targetNodeId": "d1377434-30c1-4f9d-87f2-bd4e6c413e2e",
  },
  Object {
    "edge": GameModeEdge {},
    "id": "4c0988e7-f837-40d9-ab67-886bb98fd815",
    "sourceNodeId": "86105996-ba6c-4e8c-a14c-9038f117e0d4",
    "targetNodeId": "4b3e79d3-b402-42be-91bc-1e9cb57e58b3",
  },
  Object {
    "edge": GameTypeEdgeImpl {},
    "id": "c91f4580-632b-4684-8ebb-a05f4496a409",
    "sourceNodeId": "119b9a14-5a91-4920-8613-6b6808524d7f",
    "targetNodeId": "86105996-ba6c-4e8c-a14c-9038f117e0d4",
  },
  Object {
    "edge": GameModeEdge {},
    "id": "fa7484bf-0f12-45cc-9c5d-022b543bd66d",
    "sourceNodeId": "5e7afa4b-b43e-420a-be24-cbb0d4266e78",
    "targetNodeId": "de04d8b1-3bb2-4dd2-bbad-5465662830fb",
  },
  Object {
    "edge": GameTypeEdgeImpl {},
    "id": "c260d74c-6684-40ed-8494-80c7b9004d3b",
    "sourceNodeId": "6f0afeb3-7dfc-4292-a415-34dffed395f0",
    "targetNodeId": "5e7afa4b-b43e-420a-be24-cbb0d4266e78",
  },
  Object {
    "edge": GameModeEdge {},
    "id": "4f4f4455-946c-4cea-beda-b31576c9eb2b",
    "sourceNodeId": "36b11b4a-9c29-4f44-83c4-00e1071e3ca6",
    "targetNodeId": "1b64efb9-2ecd-403b-812b-2d2adc7b9871",
  },
  Object {
    "edge": GameTypeEdgeImpl {},
    "id": "acdc8d3c-5eb8-481a-ae2a-6c320f67560e",
    "sourceNodeId": "3b9281fc-7af1-495d-80d0-497650b275f2",
    "targetNodeId": "36b11b4a-9c29-4f44-83c4-00e1071e3ca6",
  },
  Object {
    "edge": GameModeEdge {},
    "id": "283f312a-ae7b-4f70-ae53-5e8340d3770a",
    "sourceNodeId": "bf124f43-ae58-43b2-9b09-9fd9de34bea3",
    "targetNodeId": "49428c1e-84b0-4021-8cbf-c5b5d5953585",
  },
  Object {
    "edge": GameTypeEdgeImpl {},
    "id": "4d373adf-9f2b-47a8-bbee-2b64c3eb2587",
    "sourceNodeId": "cf474859-8e94-4b22-92dc-da9ee865810e",
    "targetNodeId": "bf124f43-ae58-43b2-9b09-9fd9de34bea3",
  },
  Object {
    "edge": GameSlotRivalEdge {},
    "id": "c89e115f-b3b1-4b9c-8040-495268b15de3",
    "sourceNodeId": "86105996-ba6c-4e8c-a14c-9038f117e0d4",
    "targetNodeId": "5e7afa4b-b43e-420a-be24-cbb0d4266e78",
  },
  Object {
    "edge": GameSlotRivalEdge {},
    "id": "8518b6ee-df5f-4bca-b5b5-36a86ba870e1",
    "sourceNodeId": "d1377434-30c1-4f9d-87f2-bd4e6c413e2e",
    "targetNodeId": "bf124f43-ae58-43b2-9b09-9fd9de34bea3",
  },
  Object {
    "edge": GameModeEdge {},
    "id": "9f081c4f-1440-4392-a76b-d7e6b767bd78",
    "sourceNodeId": "f0ee97c5-cb8b-428d-85f2-8997268ce21b",
    "targetNodeId": "ec10de7b-b3b5-454b-8db5-0e00104f2064",
  },
  Object {
    "edge": GameTypeEdgeImpl {},
    "id": "ee421978-6035-482f-a1b0-2cf7c4994da8",
    "sourceNodeId": "86105996-ba6c-4e8c-a14c-9038f117e0d4",
    "targetNodeId": "f0ee97c5-cb8b-428d-85f2-8997268ce21b",
  },
  Object {
    "edge": GameModeEdge {},
    "id": "abfcf8be-799e-4804-b664-be3ec9c85287",
    "sourceNodeId": "4a1f3ba8-08fd-4655-b794-8d49e4c70de5",
    "targetNodeId": "ea818cfc-026a-49a3-9fa4-20206ec27e55",
  },
  Object {
    "edge": GameTypeEdgeImpl {},
    "id": "6fd61c20-663e-45f9-a367-f71730f7e1af",
    "sourceNodeId": "5e7afa4b-b43e-420a-be24-cbb0d4266e78",
    "targetNodeId": "4a1f3ba8-08fd-4655-b794-8d49e4c70de5",
  },
  Object {
    "edge": GameModeEdge {},
    "id": "c93de4ec-fed5-4a87-bc92-55ef868341f0",
    "sourceNodeId": "a56f4500-be4b-4153-b3c3-6b917a5d62d9",
    "targetNodeId": "154fa2e2-2f03-4706-ae66-43a465fea4da",
  },
  Object {
    "edge": GameTypeEdgeImpl {},
    "id": "6da0dd42-e07f-49f4-9a08-ad9734565117",
    "sourceNodeId": "bf124f43-ae58-43b2-9b09-9fd9de34bea3",
    "targetNodeId": "a56f4500-be4b-4153-b3c3-6b917a5d62d9",
  },
  Object {
    "edge": GameSlotRivalEdge {},
    "id": "575751b6-3596-401e-b4f1-cfb60a323a4c",
    "sourceNodeId": "36b11b4a-9c29-4f44-83c4-00e1071e3ca6",
    "targetNodeId": "a56f4500-be4b-4153-b3c3-6b917a5d62d9",
  },
  Object {
    "edge": GameModeEdge {},
    "id": "45bca7cc-53c2-4ac1-ac35-0293c6510583",
    "sourceNodeId": "f06a44df-69ea-4347-8144-afa3542512fc",
    "targetNodeId": "b2a89ab0-e157-4829-98e7-cd1f46b8e92f",
  },
  Object {
    "edge": GameTypeEdgeImpl {},
    "id": "ed97664c-223d-4a8a-8423-59fe8f96a73a",
    "sourceNodeId": "a56f4500-be4b-4153-b3c3-6b917a5d62d9",
    "targetNodeId": "f06a44df-69ea-4347-8144-afa3542512fc",
  },
  Object {
    "edge": GameSlotRivalEdge {},
    "id": "28b42fc1-bd99-4850-b9fb-75d20fc6cc15",
    "sourceNodeId": "f0ee97c5-cb8b-428d-85f2-8997268ce21b",
    "targetNodeId": "f06a44df-69ea-4347-8144-afa3542512fc",
  },
  Object {
    "edge": GameModeEdge {},
    "id": "4f554f80-96a1-40c2-95a5-d901590d4c94",
    "sourceNodeId": "3f735340-83e7-47cc-ba3c-9f5ff9a2b621",
    "targetNodeId": "9503b279-ba0a-4734-87ea-ba4642fe7ab6",
  },
  Object {
    "edge": GameTypeEdgeImpl {},
    "id": "d1a6da1f-4412-4478-9b73-5d234f544d06",
    "sourceNodeId": "f06a44df-69ea-4347-8144-afa3542512fc",
    "targetNodeId": "3f735340-83e7-47cc-ba3c-9f5ff9a2b621",
  },
  Object {
    "edge": GameSlotRivalEdge {},
    "id": "aebf785f-25dc-42c5-8f1d-26e03fff9802",
    "sourceNodeId": "4a1f3ba8-08fd-4655-b794-8d49e4c70de5",
    "targetNodeId": "3f735340-83e7-47cc-ba3c-9f5ff9a2b621",
  },
  Object {
    "edge": GameSlotRivalEdge {},
    "id": "d42aea40-6a2b-49ce-afa7-cc3739f8d88a",
    "sourceNodeId": "4a1f3ba8-08fd-4655-b794-8d49e4c70de5",
    "targetNodeId": "3f735340-83e7-47cc-ba3c-9f5ff9a2b621",
  },
]
`;

exports[`doubleEliminationTournamentCreateSchedule Should create a proper schedule for an odd number of games in the first round 2`] = `
Array [
  TournamentNode {
    "__id": "42cb583e-b4f6-471f-bd4f-2fcb8d55fad3",
    "__type": 1,
    "__value": null,
  },
  TournamentMaxPlayersAttributeNode {
    "__id": "ba1a6eca-8d40-4e0d-9b14-f06954deb97f",
    "__type": 0,
    "__value": 6,
  },
  TournamentMinPlayersAttributeNode {
    "__id": "476c81fc-e9c0-4832-8c07-e82f7503c9f2",
    "__type": 0,
    "__value": 2,
  },
  TournamentNameAttributeNode {
    "__id": "034cc1bb-7906-490a-b6f0-e4631615b64e",
    "__type": 0,
    "__value": "Tournament",
  },
  TournamentTypeAttributeNode {
    "__id": "a43ab389-5efe-4725-99bb-66f40576777e",
    "__type": 0,
    "__value": 1,
  },
  GameSlotNode {
    "__id": "1d2f2a61-e0aa-408e-9155-394e615b0765",
    "__type": 2,
    "__value": 0,
  },
  GameModeAttributeNode {
    "__id": "9210bb4e-305c-47d4-aa24-44404b3d9f28",
    "__type": 0,
    "__value": 0,
  },
  GameSlotNode {
    "__id": "1ffd424f-4c55-4288-adb0-6fbda462a901",
    "__type": 2,
    "__value": 1,
  },
  GameModeAttributeNode {
    "__id": "32c29ac5-e5ea-41b1-84e4-6dadc38c971d",
    "__type": 0,
    "__value": 0,
  },
  GameSlotNode {
    "__id": "81ccdf09-3961-4988-bc0b-ce6429e513e2",
    "__type": 2,
    "__value": 2,
  },
  GameModeAttributeNode {
    "__id": "a80438fa-7801-429f-bb73-6d30a39f62c3",
    "__type": 0,
    "__value": 0,
  },
  GameSlotNode {
    "__id": "2152ef30-4869-403d-b76c-edcc59b75a99",
    "__type": 2,
    "__value": 3,
  },
  GameModeAttributeNode {
    "__id": "d92c4075-e157-48e3-a2f8-b016f00c37cd",
    "__type": 0,
    "__value": 0,
  },
  GameSlotNode {
    "__id": "3b9281fc-7af1-495d-80d0-497650b275f2",
    "__type": 2,
    "__value": 4,
  },
  GameModeAttributeNode {
    "__id": "bd2b6277-02b3-4c40-84e7-85db4a9f0079",
    "__type": 0,
    "__value": 0,
  },
  GameSlotNode {
    "__id": "cf474859-8e94-4b22-92dc-da9ee865810e",
    "__type": 2,
    "__value": 5,
  },
  GameModeAttributeNode {
    "__id": "1ffba46b-ba02-4cfa-a676-44b30108f70d",
    "__type": 0,
    "__value": 0,
  },
  GameSlotNode {
    "__id": "83f2f150-2605-4085-8a52-a677692b9fd1",
    "__type": 2,
    "__value": 6,
  },
  GameModeAttributeNode {
    "__id": "ccadd4c2-a7a9-4235-b788-db211843dd8a",
    "__type": 0,
    "__value": 1,
  },
  GameSlotNode {
    "__id": "86a7ba2b-89af-43be-a3fd-1f0d77b7ca7e",
    "__type": 2,
    "__value": 7,
  },
  GameModeAttributeNode {
    "__id": "29f31041-fe59-4a71-97fd-1ae5551d10eb",
    "__type": 0,
    "__value": 1,
  },
  GameSlotNode {
    "__id": "119b9a14-5a91-4920-8613-6b6808524d7f",
    "__type": 2,
    "__value": 8,
  },
  GameModeAttributeNode {
    "__id": "13393aad-512e-4857-b0f2-7969b70f0d23",
    "__type": 0,
    "__value": 0,
  },
  GameSlotNode {
    "__id": "6f0afeb3-7dfc-4292-a415-34dffed395f0",
    "__type": 2,
    "__value": 9,
  },
  GameModeAttributeNode {
    "__id": "b894f2f3-7cf8-4c5b-bc5e-aad0027b3d62",
    "__type": 0,
    "__value": 0,
  },
  GameSlotNode {
    "__id": "d1377434-30c1-4f9d-87f2-bd4e6c413e2e",
    "__type": 2,
    "__value": 10,
  },
  GameModeAttributeNode {
    "__id": "0ecf0aaf-5ecf-4981-ab3c-d357280f8ae4",
    "__type": 0,
    "__value": 1,
  },
  GameSlotNode {
    "__id": "86105996-ba6c-4e8c-a14c-9038f117e0d4",
    "__type": 2,
    "__value": 11,
  },
  GameModeAttributeNode {
    "__id": "4b3e79d3-b402-42be-91bc-1e9cb57e58b3",
    "__type": 0,
    "__value": 0,
  },
  GameSlotNode {
    "__id": "5e7afa4b-b43e-420a-be24-cbb0d4266e78",
    "__type": 2,
    "__value": 12,
  },
  GameModeAttributeNode {
    "__id": "de04d8b1-3bb2-4dd2-bbad-5465662830fb",
    "__type": 0,
    "__value": 0,
  },
  GameSlotNode {
    "__id": "36b11b4a-9c29-4f44-83c4-00e1071e3ca6",
    "__type": 2,
    "__value": 13,
  },
  GameModeAttributeNode {
    "__id": "1b64efb9-2ecd-403b-812b-2d2adc7b9871",
    "__type": 0,
    "__value": 1,
  },
  GameSlotNode {
    "__id": "bf124f43-ae58-43b2-9b09-9fd9de34bea3",
    "__type": 2,
    "__value": 14,
  },
  GameModeAttributeNode {
    "__id": "49428c1e-84b0-4021-8cbf-c5b5d5953585",
    "__type": 0,
    "__value": 1,
  },
  GameSlotNode {
    "__id": "f0ee97c5-cb8b-428d-85f2-8997268ce21b",
    "__type": 2,
    "__value": 15,
  },
  GameModeAttributeNode {
    "__id": "ec10de7b-b3b5-454b-8db5-0e00104f2064",
    "__type": 0,
    "__value": 1,
  },
  GameSlotNode {
    "__id": "4a1f3ba8-08fd-4655-b794-8d49e4c70de5",
    "__type": 2,
    "__value": 16,
  },
  GameModeAttributeNode {
    "__id": "ea818cfc-026a-49a3-9fa4-20206ec27e55",
    "__type": 0,
    "__value": 0,
  },
  GameSlotNode {
    "__id": "a56f4500-be4b-4153-b3c3-6b917a5d62d9",
    "__type": 2,
    "__value": 17,
  },
  GameModeAttributeNode {
    "__id": "154fa2e2-2f03-4706-ae66-43a465fea4da",
    "__type": 0,
    "__value": 1,
  },
  GameSlotNode {
    "__id": "f06a44df-69ea-4347-8144-afa3542512fc",
    "__type": 2,
    "__value": 18,
  },
  GameModeAttributeNode {
    "__id": "b2a89ab0-e157-4829-98e7-cd1f46b8e92f",
    "__type": 0,
    "__value": 1,
  },
  GameSlotNode {
    "__id": "3f735340-83e7-47cc-ba3c-9f5ff9a2b621",
    "__type": 2,
    "__value": 19,
  },
  GameModeAttributeNode {
    "__id": "9503b279-ba0a-4734-87ea-ba4642fe7ab6",
    "__type": 0,
    "__value": 1,
  },
]
`;
